
> shopapp-angular@0.0.0 build
> ng build

[33mΓ¥»[39m Building...
[32mΓ£ö[39m Building...
[35mPrerendered 0 static routes.[39m
Application bundle generation failed. [22.126 seconds]

node.exe : [1m[33m[33mΓû▓ 
[43;33m[[43;30mWARNING[43;33m][0m [1mDeprecation[0m 
[1m[35m[plugin angular-sass][0m
At C:\nodejs\npm.ps1:29 char:3
+   & $NODE_EXE $NPM_CLI_JS $args
+   ~~~~~~~~~~~~~~~~~~~~~~~~~~~~~
    + CategoryInfo          : NotSpecified: ([1m[33m[33mΓ    
...gular-sass][0m:String) [], RemoteException
    + FullyQualifiedErrorId : NativeCommandError
 

    
src/app/components/admin/brand/brand.admin.component.scss:98:22:
[37m      98 Γöé         border-color: [32m[37mdarken($border, 
10%);
         Γò╡                       [32m^[0m


  Global built-in functions are deprecated and will be removed in 
Dart Sass 3.0.0.
  Use color.adjust instead.
  
  More info and automated migrator: 
[4mhttps://sass-lang.com/d/import[0m


[33mΓû▓ [43;33m[[43;30mWARNING[43;33m][0m 
[1mDeprecation[0m [1m[35m[plugin angular-sass][0m

    
src/app/components/admin/brand/brand.admin.component.scss:98:22:
[37m      98 Γöé         border-color: [32m[37mdarken($border, 
10%);
         Γò╡                       [32m^[0m


  darken() is deprecated. Suggestions:
  
  color.scale($color, $lightness: -10.625%)
  color.adjust($color, $lightness: -10%)
  
  More info: [4mhttps://sass-lang.com/d/color-functions[0m


[33mΓû▓ [43;33m[[43;30mWARNING[43;33m][0m 
[1mDeprecation[0m [1m[35m[plugin angular-sass][0m

    
src/app/components/admin/brand/brand.admin.component.scss:193:24:
[37m      193 Γöé             background: 
[32m[37mlighten($primary, 10%);
          Γò╡                         [32m^[0m


  Global built-in functions are deprecated and will be removed in 
Dart Sass 3.0.0.
  Use color.adjust instead.
  
  More info and automated migrator: 
[4mhttps://sass-lang.com/d/import[0m


[33mΓû▓ [43;33m[[43;30mWARNING[43;33m][0m 
[1mDeprecation[0m [1m[35m[plugin angular-sass][0m

    
src/app/components/admin/brand/brand.admin.component.scss:193:24:
[37m      193 Γöé             background: 
[32m[37mlighten($primary, 10%);
          Γò╡                         [32m^[0m


  lighten() is deprecated. Suggestions:
  
  color.scale($color, $lightness: 11.135371179%)
  color.adjust($color, $lightness: 10%)
  
  More info: [4mhttps://sass-lang.com/d/color-functions[0m


[33mΓû▓ [43;33m[[43;30mWARNING[43;33m][0m [1mNG8107: The 
left side of this optional chain operation does not include 
'null' or 'undefined' in its type, therefore the '?.' operator 
can be replaced with the '.' operator.[0m [1m[35m[plugin 
angular-compiler][0m

    src/app/components/admin/comment/comment.admin.component.html:
142:72:
[37m      142 Γöé ...ass="user-name">{{ 
comment.user?.[32mfullname[37m || 'ß║¿n danh' }}</div>
          Γò╡                                     
[32m~~~~~~~~[0m

  Error occurs in the template of component CommentAdminComponent.

    
src/app/components/admin/comment/comment.admin.component.ts:13:17:
[37m      13 Γöé     templateUrl: 
[32m'./comment.admin.component.html'[37m,
         Γò╡                  
[32m~~~~~~~~~~~~~~~~~~~~~~~~~~~~~~~~[0m


[33mΓû▓ [43;33m[[43;30mWARNING[43;33m][0m [1mNG8107: The 
left side of this optional chain operation does not include 
'null' or 'undefined' in its type, therefore the '?.' operator 
can be replaced with the '.' operator.[0m [1m[35m[plugin 
angular-compiler][0m

    src/app/components/admin/comment/comment.admin.component.html:
143:101:
[37m      143 Γöé ...mail" *ngIf="comment.user?.email">{{ 
comment.user?.[32memail[37m }}</div>
          Γò╡                                                     
  [32m~~~~~[0m

  Error occurs in the template of component CommentAdminComponent.

    
src/app/components/admin/comment/comment.admin.component.ts:13:17:
[37m      13 Γöé     templateUrl: 
[32m'./comment.admin.component.html'[37m,
         Γò╡                  
[32m~~~~~~~~~~~~~~~~~~~~~~~~~~~~~~~~[0m


[33mΓû▓ [43;33m[[43;30mWARNING[43;33m][0m [1mNG8107: The 
left side of this optional chain operation does not include 
'null' or 'undefined' in its type, therefore the '?.' operator 
can be replaced with the '.' operator.[0m [1m[35m[plugin 
angular-compiler][0m

    src/app/components/admin/comment/comment.admin.component.html:
234:74:
[37m      234 Γöé ...s="name">{{ 
detailComment.user?.[32mfullname[37m || 'ß║¿n danh' }}</span>
          Γò╡                                    [32m~~~~~~~~[0m

  Error occurs in the template of component CommentAdminComponent.

    
src/app/components/admin/comment/comment.admin.component.ts:13:17:
[37m      13 Γöé     templateUrl: 
[32m'./comment.admin.component.html'[37m,
         Γò╡                  
[32m~~~~~~~~~~~~~~~~~~~~~~~~~~~~~~~~[0m


[33mΓû▓ [43;33m[[43;30mWARNING[43;33m][0m [1mNG8107: The 
left side of this optional chain operation does not include 
'null' or 'undefined' in its type, therefore the '?.' operator 
can be replaced with the '.' operator.[0m [1m[35m[plugin 
angular-compiler][0m

    src/app/components/admin/comment/comment.admin.component.html:
235:109:
[37m      235 Γöé ...l" *ngIf="detailComment.user?.email">{{ 
detailComment.user?.[32memail[37m
          Γò╡                                                     
           [32m~~~~~[0m

  Error occurs in the template of component CommentAdminComponent.

    
src/app/components/admin/comment/comment.admin.component.ts:13:17:
[37m      13 Γöé     templateUrl: 
[32m'./comment.admin.component.html'[37m,
         Γò╡                  
[32m~~~~~~~~~~~~~~~~~~~~~~~~~~~~~~~~[0m


[33mΓû▓ [43;33m[[43;30mWARNING[43;33m][0m [1mNG8107: The 
left side of this optional chain operation does not include 
'null' or 'undefined' in its type, therefore the '?.' operator 
can be replaced with the '.' operator.[0m [1m[35m[plugin 
angular-compiler][0m

    src/app/components/admin/comment/comment.admin.component.html:
300:46:
[37m      300 Γöé ...  <span>{{ 
editingComment.user?.[32mfullname[37m || 'ß║¿n danh' }}</span>
          Γò╡                                    [32m~~~~~~~~[0m

  Error occurs in the template of component CommentAdminComponent.

    
src/app/components/admin/comment/comment.admin.component.ts:13:17:
[37m      13 Γöé     templateUrl: 
[32m'./comment.admin.component.html'[37m,
         Γò╡                  
[32m~~~~~~~~~~~~~~~~~~~~~~~~~~~~~~~~[0m


[33mΓû▓ [43;33m[[43;30mWARNING[43;33m][0m 
[1mDeprecation[0m [1m[35m[plugin angular-sass][0m

    src/app/components/admin/comment/comment.admin.component.scss:
901:24:
[37m      901 Γöé             background: 
[32m[37mlighten($primary, 10%);
          Γò╡                         [32m^[0m


  Global built-in functions are deprecated and will be removed in 
Dart Sass 3.0.0.
  Use color.adjust instead.
  
  More info and automated migrator: 
[4mhttps://sass-lang.com/d/import[0m


[33mΓû▓ [43;33m[[43;30mWARNING[43;33m][0m 
[1mDeprecation[0m [1m[35m[plugin angular-sass][0m

    src/app/components/admin/comment/comment.admin.component.scss:
901:24:
[37m      901 Γöé             background: 
[32m[37mlighten($primary, 10%);
          Γò╡                         [32m^[0m


  lighten() is deprecated. Suggestions:
  
  color.scale($color, $lightness: 11.135371179%)
  color.adjust($color, $lightness: 10%)
  
  More info: [4mhttps://sass-lang.com/d/color-functions[0m


[33mΓû▓ [43;33m[[43;30mWARNING[43;33m][0m 
[1mDeprecation[0m [1m[35m[plugin angular-sass][0m

    src/app/components/admin/comment/comment.admin.component.scss:
1026:24:
[37m      1026 Γöé             background: 
[32m[37mdarken($bg-light, 5%);
           Γò╡                         [32m^[0m


  Global built-in functions are deprecated and will be removed in 
Dart Sass 3.0.0.
  Use color.adjust instead.
  
  More info and automated migrator: 
[4mhttps://sass-lang.com/d/import[0m


[33mΓû▓ [43;33m[[43;30mWARNING[43;33m][0m 
[1mDeprecation[0m [1m[35m[plugin angular-sass][0m

    src/app/components/admin/comment/comment.admin.component.scss:
1026:24:
[37m      1026 Γöé             background: 
[32m[37mdarken($bg-light, 5%);
           Γò╡                         [32m^[0m


  darken() is deprecated. Suggestions:
  
  color.scale($color, $lightness: -5.1204819277%)
  color.adjust($color, $lightness: -5%)
  
  More info: [4mhttps://sass-lang.com/d/color-functions[0m


[33mΓû▓ [43;33m[[43;30mWARNING[43;33m][0m 
[1mDeprecation[0m [1m[35m[plugin angular-sass][0m

    src/app/components/admin/comment/comment.admin.component.scss:
1112:24:
[37m      1112 Γöé             background: 
[32m[37mdarken($bg-light, 5%);
           Γò╡                         [32m^[0m


  Global built-in functions are deprecated and will be removed in 
Dart Sass 3.0.0.
  Use color.adjust instead.
  
  More info and automated migrator: 
[4mhttps://sass-lang.com/d/import[0m


[33mΓû▓ [43;33m[[43;30mWARNING[43;33m][0m 
[1mDeprecation[0m [1m[35m[plugin angular-sass][0m

    src/app/components/admin/comment/comment.admin.component.scss:
1112:24:
[37m      1112 Γöé             background: 
[32m[37mdarken($bg-light, 5%);
           Γò╡                         [32m^[0m


  darken() is deprecated. Suggestions:
  
  color.scale($color, $lightness: -5.1204819277%)
  color.adjust($color, $lightness: -5%)
  
  More info: [4mhttps://sass-lang.com/d/color-functions[0m


[33mΓû▓ [43;33m[[43;30mWARNING[43;33m][0m 
[1mDeprecation[0m [1m[35m[plugin angular-sass][0m

    src/app/components/admin/comment/comment.admin.component.scss:
1129:24:
[37m      1129 Γöé             background: 
[32m[37mdarken($danger, 8%);
           Γò╡                         [32m^[0m


  Global built-in functions are deprecated and will be removed in 
Dart Sass 3.0.0.
  Use color.adjust instead.
  
  More info and automated migrator: 
[4mhttps://sass-lang.com/d/import[0m


[33mΓû▓ [43;33m[[43;30mWARNING[43;33m][0m 
[1mDeprecation[0m [1m[35m[plugin angular-sass][0m

    src/app/components/admin/comment/comment.admin.component.scss:
1129:24:
[37m      1129 Γöé             background: 
[32m[37mdarken($danger, 8%);
           Γò╡                         [32m^[0m


  darken() is deprecated. Suggestions:
  
  color.scale($color, $lightness: -14.9450549451%)
  color.adjust($color, $lightness: -8%)
  
  More info: [4mhttps://sass-lang.com/d/color-functions[0m


[33mΓû▓ [43;33m[[43;30mWARNING[43;33m][0m [1mTS-998113: 
FooterComponent is not used within the template of 
DetailProductComponent[0m [1m[35m[plugin angular-compiler][0m

    src/app/components/detail-product/detail-product.component.ts:
24:4:
[37m      24 Γöé     [32mFooterComponent[37m,
         Γò╡     [32m~~~~~~~~~~~~~~~[0m


[33mΓû▓ [43;33m[[43;30mWARNING[43;33m][0m [1mTS-998113: 
HeaderComponent is not used within the template of 
DetailProductComponent[0m [1m[35m[plugin angular-compiler][0m

    src/app/components/detail-product/detail-product.component.ts:
25:4:
[37m      25 Γöé     [32mHeaderComponent[37m,
         Γò╡     [32m~~~~~~~~~~~~~~~[0m


[33mΓû▓ [43;33m[[43;30mWARNING[43;33m][0m [1mTS-998113: 
RouterLink is not used within the template of 
DetailProductComponent[0m [1m[35m[plugin angular-compiler][0m

    src/app/components/detail-product/detail-product.component.ts:
28:4:
[37m      28 Γöé     [32mRouterLink[37m
         Γò╡     [32m~~~~~~~~~~[0m

[39m[22m
[1m[31m[31mX [41;31m[[41;97mERROR[41;31m][0m [1mNG5002: 
Unexpected closing tag "app-header". It may happen when the tag 
has already been closed by another tag. For more info see https://
www.w3.org/TR/html5/syntax.html#closing-elements-that-have-implied
-end-tags[0m [1m[35m[plugin angular-compiler][0m

    src/app/components/detail-product/detail-product.component.htm
l:1:11:
[37m      1 Γöé app-header>[32m</app-header>[37m
        Γò╡            [32m~~~~~~~~~~~~~[0m

  Error occurs in the template of component 
DetailProductComponent.

    src/app/components/detail-product/detail-product.component.ts:
21:15:
[37m      21 Γöé   templateUrl: 
[32m'./detail-product.component.html'[37m,
         Γò╡                
[32m~~~~~~~~~~~~~~~~~~~~~~~~~~~~~~~~~[0m

[39m[22m
